../Core/Src/main.c:78:13:DebugLED_UpdateBlink	24	static
../Core/Src/main.c:97:5:main	24	static
../Core/Src/main.c:181:6:SystemClock_Config	88	static
../Core/Src/main.c:223:13:MX_ADC1_Init	24	static
../Core/Src/main.c:275:13:MX_CAN1_Init	8	static
../Core/Src/main.c:312:13:MX_CAN2_Init	8	static
../Core/Src/main.c:349:13:MX_TIM1_Init	96	static
../Core/Src/main.c:424:13:MX_TIM14_Init	24	static
../Core/Src/main.c:467:13:MX_DMA_Init	16	static
../Core/Src/main.c:485:13:MX_GPIO_Init	48	static
../Core/Src/main.c:558:6:Error_Handler	4	static,ignoring_inline_asm
