../Core/Src/main.c:90:13:DebugLED_UpdateBlink	32	static
../Core/Src/main.c:105:13:TestTx_SendPeriodic	16	static
../Core/Src/main.c:127:5:main	16	static
../Core/Src/main.c:250:6:SystemClock_Config	88	static
../Core/Src/main.c:292:13:MX_ADC1_Init	24	static
../Core/Src/main.c:344:13:MX_CAN1_Init	8	static
../Core/Src/main.c:381:13:MX_CAN2_Init	8	static
../Core/Src/main.c:418:13:MX_TIM1_Init	96	static
../Core/Src/main.c:493:13:MX_TIM14_Init	24	static
../Core/Src/main.c:536:13:MX_DMA_Init	16	static
../Core/Src/main.c:554:13:MX_GPIO_Init	48	static
../Core/Src/main.c:627:6:Error_Handler	4	static,ignoring_inline_asm
