../Core/Src/main.c:77:21:ClampF	3
../Core/Src/main.c:89:13:DebugLED_UpdateBlink	2
../Core/Src/main.c:108:5:main	3
../Core/Src/main.c:223:6:SystemClock_Config	3
../Core/Src/main.c:265:13:MX_ADC1_Init	3
../Core/Src/main.c:317:13:MX_CAN1_Init	2
../Core/Src/main.c:354:13:MX_CAN2_Init	2
../Core/Src/main.c:391:13:MX_I2C2_Init	2
../Core/Src/main.c:425:13:MX_TIM1_Init	7
../Core/Src/main.c:500:13:MX_TIM14_Init	4
../Core/Src/main.c:543:13:MX_DMA_Init	1
../Core/Src/main.c:561:13:MX_GPIO_Init	1
../Core/Src/main.c:618:6:Error_Handler	1
