Archive member included to satisfy reference by file (symbol)

C:/ST/STM32CubeIDE_2.2.0/STM32CubeIDE/plugins/com.st.stm32cube.ide.mcu.externaltools.gnu-tools-for-stm32.14.3.rel1.win32_1.0.100.202602081740/tools/bin/../lib/gcc/arm-none-eabi/14.3.1/../../../../arm-none-eabi/lib/thumb/v7e-m+fp/hard\libc_nano.a(libc_a-exit.o)
                              C:/ST/STM32CubeIDE_2.2.0/STM32CubeIDE/plugins/com.st.stm32cube.ide.mcu.externaltools.gnu-tools-for-stm32.14.3.rel1.win32_1.0.100.202602081740/tools/bin/../lib/gcc/arm-none-eabi/14.3.1/../../../../arm-none-eabi/lib/thumb/v7e-m+fp/hard/crt0.o (exit)
C:/ST/STM32CubeIDE_2.2.0/STM32CubeIDE/plugins/com.st.stm32cube.ide.mcu.externaltools.gnu-tools-for-stm32.14.3.rel1.win32_1.0.100.202602081740/tools/bin/../lib/gcc/arm-none-eabi/14.3.1/../../../../arm-none-eabi/lib/thumb/v7e-m+fp/hard\libc_nano.a(libc_a-findfp.o)
                              C:/ST/STM32CubeIDE_2.2.0/STM32CubeIDE/plugins/com.st.stm32cube.ide.mcu.externaltools.gnu-tools-for-stm32.14.3.rel1.win32_1.0.100.202602081740/tools/bin/../lib/gcc/arm-none-eabi/14.3.1/../../../../arm-none-eabi/lib/thumb/v7e-m+fp/hard\libc_nano.a(libc_a-exit.o) (__stdio_exit_handler)
C:/ST/STM32CubeIDE_2.2.0/STM32CubeIDE/plugins/com.st.stm32cube.ide.mcu.externaltools.gnu-tools-for-stm32.14.3.rel1.win32_1.0.100.202602081740/tools/bin/../lib/gcc/arm-none-eabi/14.3.1/../../../../arm-none-eabi/lib/thumb/v7e-m+fp/hard\libc_nano.a(libc_a-fwalk.o)
                              C:/ST/STM32CubeIDE_2.2.0/STM32CubeIDE/plugins/com.st.stm32cube.ide.mcu.externaltools.gnu-tools-for-stm32.14.3.rel1.win32_1.0.100.202602081740/tools/bin/../lib/gcc/arm-none-eabi/14.3.1/../../../../arm-none-eabi/lib/thumb/v7e-m+fp/hard\libc_nano.a(libc_a-findfp.o) (_fwalk_sglue)
C:/ST/STM32CubeIDE_2.2.0/STM32CubeIDE/plugins/com.st.stm32cube.ide.mcu.externaltools.gnu-tools-for-stm32.14.3.rel1.win32_1.0.100.202602081740/tools/bin/../lib/gcc/arm-none-eabi/14.3.1/../../../../arm-none-eabi/lib/thumb/v7e-m+fp/hard\libc_nano.a(libc_a-stdio.o)
                              C:/ST/STM32CubeIDE_2.2.0/STM32CubeIDE/plugins/com.st.stm32cube.ide.mcu.externaltools.gnu-tools-for-stm32.14.3.rel1.win32_1.0.100.202602081740/tools/bin/../lib/gcc/arm-none-eabi/14.3.1/../../../../arm-none-eabi/lib/thumb/v7e-m+fp/hard\libc_nano.a(libc_a-findfp.o) (__sread)
C:/ST/STM32CubeIDE_2.2.0/STM32CubeIDE/plugins/com.st.stm32cube.ide.mcu.externaltools.gnu-tools-for-stm32.14.3.rel1.win32_1.0.100.202602081740/tools/bin/../lib/gcc/arm-none-eabi/14.3.1/../../../../arm-none-eabi/lib/thumb/v7e-m+fp/hard\libc_nano.a(libc_a-memset.o)
                              C:/ST/STM32CubeIDE_2.2.0/STM32CubeIDE/plugins/com.st.stm32cube.ide.mcu.externaltools.gnu-tools-for-stm32.14.3.rel1.win32_1.0.100.202602081740/tools/bin/../lib/gcc/arm-none-eabi/14.3.1/../../../../arm-none-eabi/lib/thumb/v7e-m+fp/hard/crt0.o (memset)
C:/ST/STM32CubeIDE_2.2.0/STM32CubeIDE/plugins/com.st.stm32cube.ide.mcu.externaltools.gnu-tools-for-stm32.14.3.rel1.win32_1.0.100.202602081740/tools/bin/../lib/gcc/arm-none-eabi/14.3.1/../../../../arm-none-eabi/lib/thumb/v7e-m+fp/hard\libc_nano.a(libc_a-closer.o)
                              C:/ST/STM32CubeIDE_2.2.0/STM32CubeIDE/plugins/com.st.stm32cube.ide.mcu.externaltools.gnu-tools-for-stm32.14.3.rel1.win32_1.0.100.202602081740/tools/bin/../lib/gcc/arm-none-eabi/14.3.1/../../../../arm-none-eabi/lib/thumb/v7e-m+fp/hard\libc_nano.a(libc_a-stdio.o) (_close_r)
C:/ST/STM32CubeIDE_2.2.0/STM32CubeIDE/plugins/com.st.stm32cube.ide.mcu.externaltools.gnu-tools-for-stm32.14.3.rel1.win32_1.0.100.202602081740/tools/bin/../lib/gcc/arm-none-eabi/14.3.1/../../../../arm-none-eabi/lib/thumb/v7e-m+fp/hard\libc_nano.a(libc_a-reent.o)
                              C:/ST/STM32CubeIDE_2.2.0/STM32CubeIDE/plugins/com.st.stm32cube.ide.mcu.externaltools.gnu-tools-for-stm32.14.3.rel1.win32_1.0.100.202602081740/tools/bin/../lib/gcc/arm-none-eabi/14.3.1/../../../../arm-none-eabi/lib/thumb/v7e-m+fp/hard\libc_nano.a(libc_a-closer.o) (errno)
C:/ST/STM32CubeIDE_2.2.0/STM32CubeIDE/plugins/com.st.stm32cube.ide.mcu.externaltools.gnu-tools-for-stm32.14.3.rel1.win32_1.0.100.202602081740/tools/bin/../lib/gcc/arm-none-eabi/14.3.1/../../../../arm-none-eabi/lib/thumb/v7e-m+fp/hard\libc_nano.a(libc_a-impure.o)
                              C:/ST/STM32CubeIDE_2.2.0/STM32CubeIDE/plugins/com.st.stm32cube.ide.mcu.externaltools.gnu-tools-for-stm32.14.3.rel1.win32_1.0.100.202602081740/tools/bin/../lib/gcc/arm-none-eabi/14.3.1/../../../../arm-none-eabi/lib/thumb/v7e-m+fp/hard\libc_nano.a(libc_a-reent.o) (_impure_ptr)
C:/ST/STM32CubeIDE_2.2.0/STM32CubeIDE/plugins/com.st.stm32cube.ide.mcu.externaltools.gnu-tools-for-stm32.14.3.rel1.win32_1.0.100.202602081740/tools/bin/../lib/gcc/arm-none-eabi/14.3.1/../../../../arm-none-eabi/lib/thumb/v7e-m+fp/hard\libc_nano.a(libc_a-lseekr.o)
[...]
Memory Configuration

Name             Origin             Length             Attributes
RAM              0x20000000         0x00040000         xrw
FLASH            0x08000000         0x00080000         xr
*default*        0x00000000         0xffffffff

Linker script and memory map

LOAD C:/ST/STM32CubeIDE_2.2.0/STM32CubeIDE/plugins/com.st.stm32cube.ide.mcu.externaltools.gnu-tools-for-stm32.14.3.rel1.win32_1.0.100.202602081740/tools/bin/../lib/gcc/arm-none-eabi/14.3.1/thumb/v7e-m+fp/hard/crti.o
LOAD C:/ST/STM32CubeIDE_2.2.0/STM32CubeIDE/plugins/com.st.stm32cube.ide.mcu.externaltools.gnu-tools-for-stm32.14.3.rel1.win32_1.0.100.202602081740/tools/bin/../lib/gcc/arm-none-eabi/14.3.1/thumb/v7e-m+fp/hard/crtbegin.o
LOAD C:/ST/STM32CubeIDE_2.2.0/STM32CubeIDE/plugins/com.st.stm32cube.ide.mcu.externaltools.gnu-tools-for-stm32.14.3.rel1.win32_1.0.100.202602081740/tools/bin/../lib/gcc/arm-none-eabi/14.3.1/../../../../arm-none-eabi/lib/thumb/v7e-m+fp/hard/crt0.o
LOAD ./App/Src/can_driver.o
LOAD ./App/Src/ina236.o
LOAD ./App/Src/motor_fan.o
LOAD ./App/Src/pot_fan.o
LOAD ./Core/Src/main.o
LOAD ./Core/Src/stm32f4xx_hal_msp.o
LOAD ./Core/Src/stm32f4xx_it.o
LOAD ./Core/Src/syscalls.o
LOAD ./Core/Src/sysmem.o
LOAD ./Core/Src/system_stm32f4xx.o
LOAD ./Core/Startup/startup_stm32f412retx.o
LOAD ./Drivers/STM32F4xx_HAL_Driver/Src/stm32f4xx_hal.o
LOAD ./Drivers/STM32F4xx_HAL_Driver/Src/stm32f4xx_hal_adc.o
LOAD ./Drivers/STM32F4xx_HAL_Driver/Src/stm32f4xx_hal_adc_ex.o
LOAD ./Drivers/STM32F4xx_HAL_Driver/Src/stm32f4xx_hal_can.o
LOAD ./Drivers/STM32F4xx_HAL_Driver/Src/stm32f4xx_hal_cortex.o
LOAD ./Drivers/STM32F4xx_HAL_Driver/Src/stm32f4xx_hal_dma.o
LOAD ./Drivers/STM32F4xx_HAL_Driver/Src/stm32f4xx_hal_dma_ex.o
LOAD ./Drivers/STM32F4xx_HAL_Driver/Src/stm32f4xx_hal_exti.o
LOAD ./Drivers/STM32F4xx_HAL_Driver/Src/stm32f4xx_hal_flash.o
LOAD ./Drivers/STM32F4xx_HAL_Driver/Src/stm32f4xx_hal_flash_ex.o
LOAD ./Drivers/STM32F4xx_HAL_Driver/Src/stm32f4xx_hal_flash_ramfunc.o
LOAD ./Drivers/STM32F4xx_HAL_Driver/Src/stm32f4xx_hal_gpio.o
LOAD ./Drivers/STM32F4xx_HAL_Driver/Src/stm32f4xx_hal_i2c.o
LOAD ./Drivers/STM32F4xx_HAL_Driver/Src/stm32f4xx_hal_i2c_ex.o
LOAD ./Drivers/STM32F4xx_HAL_Driver/Src/stm32f4xx_hal_pwr.o
LOAD ./Drivers/STM32F4xx_HAL_Driver/Src/stm32f4xx_hal_pwr_ex.o
LOAD ./Drivers/STM32F4xx_HAL_Driver/Src/stm32f4xx_hal_rcc.o
LOAD ./Drivers/STM32F4xx_HAL_Driver/Src/stm32f4xx_hal_rcc_ex.o
LOAD ./Drivers/STM32F4xx_HAL_Driver/Src/stm32f4xx_hal_tim.o
LOAD ./Drivers/STM32F4xx_HAL_Driver/Src/stm32f4xx_hal_tim_ex.o
START GROUP
LOAD C:/ST/STM32CubeIDE_2.2.0/STM32CubeIDE/plugins/com.st.stm32cube.ide.mcu.externaltools.gnu-tools-for-stm32.14.3.rel1.win32_1.0.100.202602081740/tools/bin/../lib/gcc/arm-none-eabi/14.3.1/../../../../arm-none-eabi/lib/thumb/v7e-m+fp/hard\libc_nano.a
LOAD C:/ST/STM32CubeIDE_2.2.0/STM32CubeIDE/plugins/com.st.stm32cube.ide.mcu.externaltools.gnu-tools-for-stm32.14.3.rel1.win32_1.0.100.202602081740/tools/bin/../lib/gcc/arm-none-eabi/14.3.1/../../../../arm-none-eabi/lib/thumb/v7e-m+fp/hard\libm.a
END GROUP
START GROUP
LOAD C:/ST/STM32CubeIDE_2.2.0/STM32CubeIDE/plugins/com.st.stm32cube.ide.mcu.externaltools.gnu-tools-for-stm32.14.3.rel1.win32_1.0.100.202602081740/tools/bin/../lib/gcc/arm-none-eabi/14.3.1/thumb/v7e-m+fp/hard\libgcc.a
LOAD C:/ST/STM32CubeIDE_2.2.0/STM32CubeIDE/plugins/com.st.stm32cube.ide.mcu.externaltools.gnu-tools-for-stm32.14.3.rel1.win32_1.0.100.202602081740/tools/bin/../lib/gcc/arm-none-eabi/14.3.1/../../../../arm-none-eabi/lib/thumb/v7e-m+fp/hard\libc_nano.a
END GROUP
START GROUP
LOAD C:/ST/STM32CubeIDE_2.2.0/STM32CubeIDE/plugins/com.st.stm32cube.ide.mcu.externaltools.gnu-tools-for-stm32.14.3.rel1.win32_1.0.100.202602081740/tools/bin/../lib/gcc/arm-none-eabi/14.3.1/thumb/v7e-m+fp/hard\libgcc.a
LOAD C:/ST/STM32CubeIDE_2.2.0/STM32CubeIDE/plugins/com.st.stm32cube.ide.mcu.externaltools.gnu-tools-for-stm32.14.3.rel1.win32_1.0.100.202602081740/tools/bin/../lib/gcc/arm-none-eabi/14.3.1/../../../../arm-none-eabi/lib/thumb/v7e-m+fp/hard\libc_nano.a
LOAD C:/ST/STM32CubeIDE_2.2.0/STM32CubeIDE/plugins/com.st.stm32cube.ide.mcu.externaltools.gnu-tools-for-stm32.14.3.rel1.win32_1.0.100.202602081740/tools/bin/../lib/gcc/arm-none-eabi/14.3.1/../../../../arm-none-eabi/lib/thumb/v7e-m+fp/hard\libnosys.a
END GROUP
START GROUP
LOAD C:/ST/STM32CubeIDE_2.2.0/STM32CubeIDE/plugins/com.st.stm32cube.ide.mcu.externaltools.gnu-tools-for-stm32.14.3.rel1.win32_1.0.100.202602081740/tools/bin/../lib/gcc/arm-none-eabi/14.3.1/thumb/v7e-m+fp/hard\libgcc.a
LOAD C:/ST/STM32CubeIDE_2.2.0/STM32CubeIDE/plugins/com.st.stm32cube.ide.mcu.externaltools.gnu-tools-for-stm32.14.3.rel1.win32_1.0.100.202602081740/tools/bin/../lib/gcc/arm-none-eabi/14.3.1/../../../../arm-none-eabi/lib/thumb/v7e-m+fp/hard\libc_nano.a
LOAD C:/ST/STM32CubeIDE_2.2.0/STM32CubeIDE/plugins/com.st.stm32cube.ide.mcu.externaltools.gnu-tools-for-stm32.14.3.rel1.win32_1.0.100.202602081740/tools/bin/../lib/gcc/arm-none-eabi/14.3.1/../../../../arm-none-eabi/lib/thumb/v7e-m+fp/hard\libnosys.a
END GROUP
LOAD C:/ST/STM32CubeIDE_2.2.0/STM32CubeIDE/plugins/com.st.stm32cube.ide.mcu.externaltools.gnu-tools-for-stm32.14.3.rel1.win32_1.0.100.202602081740/tools/bin/../lib/gcc/arm-none-eabi/14.3.1/thumb/v7e-m+fp/hard/crtend.o
LOAD C:/ST/STM32CubeIDE_2.2.0/STM32CubeIDE/plugins/com.st.stm32cube.ide.mcu.externaltools.gnu-tools-for-stm32.14.3.rel1.win32_1.0.100.202602081740/tools/bin/../lib/gcc/arm-none-eabi/14.3.1/thumb/v7e-m+fp/hard/crtn.o
                0x20040000                        _estack = (ORIGIN (RAM) + LENGTH (RAM))
                0x00000200                        _Min_Heap_Size = 0x200
                0x00000400                        _Min_Stack_Size = 0x400

.isr_vector     0x08000000      0x1c4
                0x08000000                        . = ALIGN (0x4)
 *(.isr_vector)
 .isr_vector    0x08000000      0x1c4 ./Core/Startup/startup_stm32f412retx.o
                0x08000000                g_pfnVectors
                0x080001c4                        . = ALIGN (0x4)

.text           0x080001c4     0x4314
                0x080001c4                        . = ALIGN (0x4)
 *(.text)
 .text          0x080001c4       0x40 C:/ST/STM32CubeIDE_2.2.0/STM32CubeIDE/plugins/com.st.stm32cube.ide.mcu.externaltools.gnu-tools-for-stm32.14.3.rel1.win32_1.0.100.202602081740/tools/bin/../lib/gcc/arm-none-eabi/14.3.1/thumb/v7e-m+fp/hard/crtbegin.o
 .text          0x08000204       0x30 C:/ST/STM32CubeIDE_2.2.0/STM32CubeIDE/plugins/com.st.stm32cube.ide.mcu.externaltools.gnu-tools-for-stm32.14.3.rel1.win32_1.0.100.202602081740/tools/bin/../lib/gcc/arm-none-eabi/14.3.1/thumb/v7e-m+fp/hard\libgcc.a(_aeabi_uldivmod.o)
                0x08000204                __aeabi_uldivmod
 .text          0x08000234      0x2f8 C:/ST/STM32CubeIDE_2.2.0/STM32CubeIDE/plugins/com.st.stm32cube.ide.mcu.externaltools.gnu-tools-for-stm32.14.3.rel1.win32_1.0.100.202602081740/tools/bin/../lib/gcc/arm-none-eabi/14.3.1/thumb/v7e-m+fp/hard\libgcc.a(_udivmoddi4.o)
                0x08000234                __udivmoddi4
 .text          0x0800052c        0x4 C:/ST/STM32CubeIDE_2.2.0/STM32CubeIDE/plugins/com.st.stm32cube.ide.mcu.externaltools.gnu-tools-for-stm32.14.3.rel1.win32_1.0.100.202602081740/tools/bin/../lib/gcc/arm-none-eabi/14.3.1/thumb/v7e-m+fp/hard\libgcc.a(_dvmd_tls.o)
                0x0800052c                __aeabi_idiv0
                0x0800052c                __aeabi_ldiv0
 *(.text*)
 .text.CAN_InitDriver
                0x08000530       0x6c ./App/Src/can_driver.o
                0x08000530                CAN_InitDriver
 .text.CAN_ConfigCatchAllFilter
                0x0800059c       0x54 ./App/Src/can_driver.o
                0x0800059c                CAN_ConfigCatchAllFilter
 .text.CAN_Receive1
                0x080005f0       0x68 ./App/Src/can_driver.o
                0x080005f0                CAN_Receive1
 .text.MotorFan_Init
                0x08000658       0x2e ./App/Src/motor_fan.o
                0x08000658                MotorFan_Init
 *fill*         0x08000686        0x2 
 .text.main     0x08000688       0xf8 ./Core/Src/main.o
                0x08000688                main
 .text.SystemClock_Config
                0x08000780       0xbc ./Core/Src/main.o
                0x08000780                SystemClock_Config
 .text.MX_ADC1_Init
                0x0800083c       0xa4 ./Core/Src/main.o
 .text.MX_CAN1_Init
                0x080008e0       0x68 ./Core/Src/main.o
 .text.MX_CAN2_Init
                0x08000948       0x68 ./Core/Src/main.o
 .text.MX_TIM1_Init
                0x080009b0      0x140 ./Core/Src/main.o
 .text.MX_TIM14_Init
                0x08000af0       0x90 ./Core/Src/main.o
 .text.MX_DMA_Init
                0x08000b80       0x40 ./Core/Src/main.o
 .text.MX_GPIO_Init
                0x08000bc0      0x154 ./Core/Src/main.o
 .text.Error_Handler
                0x08000d14        0xc ./Core/Src/main.o
                0x08000d14                Error_Handler
 .text.HAL_MspInit
                0x08000d20       0x50 ./Core/Src/stm32f4xx_hal_msp.o
                0x08000d20                HAL_MspInit
 .text.HAL_ADC_MspInit
                0x08000d70      0x128 ./Core/Src/stm32f4xx_hal_msp.o
                0x08000d70                HAL_ADC_MspInit
 .text.HAL_CAN_MspInit
                0x08000e98      0x144 ./Core/Src/stm32f4xx_hal_msp.o
                0x08000e98                HAL_CAN_MspInit
 .text.HAL_TIM_Base_MspInit
                0x08000fdc       0xbc ./Core/Src/stm32f4xx_hal_msp.o
                0x08000fdc                HAL_TIM_Base_MspInit
 .text.HAL_TIM_MspPostInit
                0x08001098       0x74 ./Core/Src/stm32f4xx_hal_msp.o
                0x08001098                HAL_TIM_MspPostInit
 .text.NMI_Handler
                0x0800110c        0x8 ./Core/Src/stm32f4xx_it.o
                0x0800110c                NMI_Handler
 .text.HardFault_Handler
                0x08001114        0x8 ./Core/Src/stm32f4xx_it.o
                0x08001114                HardFault_Handler
 .text.MemManage_Handler
                0x0800111c        0x8 ./Core/Src/stm32f4xx_it.o
                0x0800111c                MemManage_Handler
 .text.BusFault_Handler
                0x08001124        0x8 ./Core/Src/stm32f4xx_it.o
                0x08001124                BusFault_Handler
 .text.UsageFault_Handler
                0x0800112c        0x8 ./Core/Src/stm32f4xx_it.o
                0x0800112c                UsageFault_Handler
 .text.SVC_Handler
                0x08001134        0xe ./Core/Src/stm32f4xx_it.o
                0x08001134                SVC_Handler
 .text.DebugMon_Handler
                0x08001142        0xe ./Core/Src/stm32f4xx_it.o
                0x08001142                DebugMon_Handler
 .text.PendSV_Handler
                0x08001150        0xe ./Core/Src/stm32f4xx_it.o
                0x08001150                PendSV_Handler
 .text.SysTick_Handler
                0x0800115e        0xc ./Core/Src/stm32f4xx_it.o
                0x0800115e                SysTick_Handler
 *fill*         0x0800116a        0x2 
 .text.DMA2_Stream0_IRQHandler
                0x0800116c       0x14 ./Core/Src/stm32f4xx_it.o
                0x0800116c                DMA2_Stream0_IRQHandler
 .text.SystemInit
                0x08001180       0x24 ./Core/Src/system_stm32f4xx.o
                0x08001180                SystemInit
 .text.Reset_Handler
                0x080011a4       0x50 ./Core/Startup/startup_stm32f412retx.o
                0x080011a4                Reset_Handler
 .text.Default_Handler
                0x080011f4        0x2 ./Core/Startup/startup_stm32f412retx.o
                0x080011f4                RTC_Alarm_IRQHandler
                0x080011f4                EXTI2_IRQHandler
                0x080011f4                TIM8_CC_IRQHandler
                0x080011f4                FMPI2C1_EV_IRQHandler
                0x080011f4                SPI4_IRQHandler
                0x080011f4                TIM1_CC_IRQHandler
                0x080011f4                DMA2_Stream5_IRQHandler
                0x080011f4                DMA1_Stream5_IRQHandler
                0x080011f4                TIM6_IRQHandler
                0x080011f4                PVD_IRQHandler
                0x080011f4                SDIO_IRQHandler
                0x080011f4                TAMP_STAMP_IRQHandler
                0x080011f4                CAN2_RX1_IRQHandler
                0x080011f4                EXTI3_IRQHandler
                0x080011f4                TIM8_TRG_COM_TIM14_IRQHandler
                0x080011f4                DFSDM1_FLT1_IRQHandler
                0x080011f4                TIM1_UP_TIM10_IRQHandler
                0x080011f4                TIM8_UP_TIM13_IRQHandler
                0x080011f4                I2C3_ER_IRQHandler
                0x080011f4                EXTI0_IRQHandler
                0x080011f4                I2C2_EV_IRQHandler
                0x080011f4                DMA1_Stream2_IRQHandler
                0x080011f4                CAN1_RX0_IRQHandler
                0x080011f4                FPU_IRQHandler
                0x080011f4                CAN2_SCE_IRQHandler
                0x080011f4                DMA2_Stream2_IRQHandler
                0x080011f4                SPI1_IRQHandler
                0x080011f4                TIM1_BRK_TIM9_IRQHandler
                0x080011f4                CAN2_RX0_IRQHandler
                0x080011f4                DMA2_Stream3_IRQHandler
                0x080011f4                USART6_IRQHandler
                0x080011f4                USART3_IRQHandler
                0x080011f4                CAN1_RX1_IRQHandler
                0x080011f4                TIM4_IRQHandler
                0x080011f4                QUADSPI_IRQHandler
                0x080011f4                I2C1_EV_IRQHandler
                0x080011f4                DMA1_Stream6_IRQHandler
                0x080011f4                DMA1_Stream1_IRQHandler
                0x080011f4                TIM3_IRQHandler
                0x080011f4                RCC_IRQHandler
                0x080011f4                TIM8_BRK_TIM12_IRQHandler
                0x080011f4                Default_Handler
                0x080011f4                EXTI15_10_IRQHandler
                0x080011f4                ADC_IRQHandler
                0x080011f4                DMA1_Stream7_IRQHandler
                0x080011f4                SPI5_IRQHandler
                0x080011f4                TIM7_IRQHandler
                0x080011f4                CAN2_TX_IRQHandler
                0x080011f4                TIM5_IRQHandler
                0x080011f4                DMA2_Stream7_IRQHandler
                0x080011f4                I2C3_EV_IRQHandler
                0x080011f4                EXTI9_5_IRQHandler
                0x080011f4                RTC_WKUP_IRQHandler
                0x080011f4                SPI2_IRQHandler
                0x080011f4                DMA1_Stream0_IRQHandler
                0x080011f4                CAN1_TX_IRQHandler
                0x080011f4                FMPI2C1_ER_IRQHandler
                0x080011f4                EXTI4_IRQHandler
                0x080011f4                RNG_IRQHandler
                0x080011f4                WWDG_IRQHandler
                0x080011f4                TIM2_IRQHandler
                0x080011f4                OTG_FS_WKUP_IRQHandler
                0x080011f4                TIM1_TRG_COM_TIM11_IRQHandler
                0x080011f4                EXTI1_IRQHandler
                0x080011f4                USART2_IRQHandler
                0x080011f4                DFSDM1_FLT0_IRQHandler
                0x080011f4                I2C2_ER_IRQHandler
                0x080011f4                DMA2_Stream1_IRQHandler
                0x080011f4                CAN1_SCE_IRQHandler
                0x080011f4                FLASH_IRQHandler
                0x080011f4                DMA2_Stream4_IRQHandler
                0x080011f4                USART1_IRQHandler
                0x080011f4                OTG_FS_IRQHandler
                0x080011f4                SPI3_IRQHandler
                0x080011f4                DMA1_Stream4_IRQHandler
                0x080011f4                I2C1_ER_IRQHandler
                0x080011f4                DMA2_Stream6_IRQHandler
                0x080011f4                DMA1_Stream3_IRQHandler
 *fill*         0x080011f6        0x2 
 .text.HAL_Init
                0x080011f8       0x44 ./Drivers/STM32F4xx_HAL_Driver/Src/stm32f4xx_hal.o
                0x080011f8                HAL_Init
 .text.HAL_InitTick
                0x0800123c       0x60 ./Drivers/STM32F4xx_HAL_Driver/Src/stm32f4xx_hal.o
                0x0800123c                HAL_InitTick
 .text.HAL_IncTick
                0x0800129c       0x28 ./Drivers/STM32F4xx_HAL_Driver/Src/stm32f4xx_hal.o
                0x0800129c                HAL_IncTick
 .text.HAL_GetTick
                0x080012c4       0x18 ./Drivers/STM32F4xx_HAL_Driver/Src/stm32f4xx_hal.o
                0x080012c4                HAL_GetTick
 .text.HAL_Delay
                0x080012dc       0x48 ./Drivers/STM32F4xx_HAL_Driver/Src/stm32f4xx_hal.o
                0x080012dc                HAL_Delay
 .text.HAL_ADC_Init
                0x08001324       0x86 ./Drivers/STM32F4xx_HAL_Driver/Src/stm32f4xx_hal_adc.o
                0x08001324                HAL_ADC_Init
 *fill*         0x080013aa        0x2 
 .text.HAL_ADC_ConfigChannel
                0x080013ac      0x244 ./Drivers/STM32F4xx_HAL_Driver/Src/stm32f4xx_hal_adc.o
                0x080013ac                HAL_ADC_ConfigChannel
 .text.ADC_Init
                0x080015f0      0x1f8 ./Drivers/STM32F4xx_HAL_Driver/Src/stm32f4xx_hal_adc.o
 .text.HAL_CAN_Init
                0x080017e8      0x1f6 ./Drivers/STM32F4xx_HAL_Driver/Src/stm32f4xx_hal_can.o
                0x080017e8                HAL_CAN_Init
 *fill*         0x080019de        0x2 
 .text.HAL_CAN_ConfigFilter
                0x080019e0      0x1bc ./Drivers/STM32F4xx_HAL_Driver/Src/stm32f4xx_hal_can.o
                0x080019e0                HAL_CAN_ConfigFilter
 .text.HAL_CAN_Start
                0x08001b9c       0x88 ./Drivers/STM32F4xx_HAL_Driver/Src/stm32f4xx_hal_can.o
                0x08001b9c                HAL_CAN_Start
 .text.HAL_CAN_GetRxMessage
                0x08001c24      0x244 ./Drivers/STM32F4xx_HAL_Driver/Src/stm32f4xx_hal_can.o
                0x08001c24                HAL_CAN_GetRxMessage
 .text.HAL_CAN_GetRxFifoFillLevel
                0x08001e68       0x50 ./Drivers/STM32F4xx_HAL_Driver/Src/stm32f4xx_hal_can.o
                0x08001e68                HAL_CAN_GetRxFifoFillLevel
 .text.__NVIC_SetPriorityGrouping
                0x08001eb8       0x48 ./Drivers/STM32F4xx_HAL_Driver/Src/stm32f4xx_hal_cortex.o
 .text.__NVIC_GetPriorityGrouping
                0x08001f00       0x1c ./Drivers/STM32F4xx_HAL_Driver/Src/stm32f4xx_hal_cortex.o
 .text.__NVIC_EnableIRQ
                0x08001f1c       0x3c ./Drivers/STM32F4xx_HAL_Driver/Src/stm32f4xx_hal_cortex.o
 .text.__NVIC_SetPriority
                0x08001f58       0x54 ./Drivers/STM32F4xx_HAL_Driver/Src/stm32f4xx_hal_cortex.o
 .text.NVIC_EncodePriority
                0x08001fac       0x66 ./Drivers/STM32F4xx_HAL_Driver/Src/stm32f4xx_hal_cortex.o
 *fill*         0x08002012        0x2 
 .text.SysTick_Config
                0x08002014       0x44 ./Drivers/STM32F4xx_HAL_Driver/Src/stm32f4xx_hal_cortex.o
 .text.HAL_NVIC_SetPriorityGrouping
                0x08002058       0x16 ./Drivers/STM32F4xx_HAL_Driver/Src/stm32f4xx_hal_cortex.o
                0x08002058                HAL_NVIC_SetPriorityGrouping
 .text.HAL_NVIC_SetPriority
                0x0800206e       0x38 ./Drivers/STM32F4xx_HAL_Driver/Src/stm32f4xx_hal_cortex.o
                0x0800206e                HAL_NVIC_SetPriority
 .text.HAL_NVIC_EnableIRQ
                0x080020a6       0x1c ./Drivers/STM32F4xx_HAL_Driver/Src/stm32f4xx_hal_cortex.o
                0x080020a6                HAL_NVIC_EnableIRQ
 .text.HAL_SYSTICK_Config
                0x080020c2       0x18 ./Drivers/STM32F4xx_HAL_Driver/Src/stm32f4xx_hal_cortex.o
                0x080020c2                HAL_SYSTICK_Config
 *fill*         0x080020da        0x2 
 .text.HAL_DMA_Init
                0x080020dc      0x15c ./Drivers/STM32F4xx_HAL_Driver/Src/stm32f4xx_hal_dma.o
                0x080020dc                HAL_DMA_Init
 .text.HAL_DMA_IRQHandler
                0x08002238      0x314 ./Drivers/STM32F4xx_HAL_Driver/Src/stm32f4xx_hal_dma.o
                0x08002238                HAL_DMA_IRQHandler
 .text.DMA_CalcBaseAndBitshift
                0x0800254c       0x6c ./Drivers/STM32F4xx_HAL_Driver/Src/stm32f4xx_hal_dma.o
 .text.DMA_CheckFifoParam
                0x080025b8       0xf8 ./Drivers/STM32F4xx_HAL_Driver/Src/stm32f4xx_hal_dma.o
 .text.HAL_GPIO_Init
                0x080026b0      0x2f8 ./Drivers/STM32F4xx_HAL_Driver/Src/stm32f4xx_hal_gpio.o
                0x080026b0                HAL_GPIO_Init
 .text.HAL_GPIO_WritePin
                0x080029a8       0x32 ./Drivers/STM32F4xx_HAL_Driver/Src/stm32f4xx_hal_gpio.o
                0x080029a8                HAL_GPIO_WritePin
 .text.HAL_GPIO_TogglePin
                0x080029da       0x34 ./Drivers/STM32F4xx_HAL_Driver/Src/stm32f4xx_hal_gpio.o
                0x080029da                HAL_GPIO_TogglePin
 *fill*         0x08002a0e        0x2 
 .text.HAL_RCC_ClockConfig
                0x08002a10      0x1cc ./Drivers/STM32F4xx_HAL_Driver/Src/stm32f4xx_hal_rcc.o
                0x08002a10                HAL_RCC_ClockConfig
 .text.HAL_RCC_GetSysClockFreq
                0x08002bdc      0x188 ./Drivers/STM32F4xx_HAL_Driver/Src/stm32f4xx_hal_rcc.o
                0x08002bdc                HAL_RCC_GetSysClockFreq
 .text.HAL_RCC_OscConfig
                0x08002d64      0x508 ./Drivers/STM32F4xx_HAL_Driver/Src/stm32f4xx_hal_rcc_ex.o
                0x08002d64                HAL_RCC_OscConfig
 .text.HAL_TIM_Base_Init
                0x0800326c       0x9e ./Drivers/STM32F4xx_HAL_Driver/Src/stm32f4xx_hal_tim.o
                0x0800326c                HAL_TIM_Base_Init
 .text.HAL_TIM_PWM_Init
                0x0800330a       0x9e ./Drivers/STM32F4xx_HAL_Driver/Src/stm32f4xx_hal_tim.o
                0x0800330a                HAL_TIM_PWM_Init
 .text.HAL_TIM_PWM_MspInit
                0x080033a8       0x14 ./Drivers/STM32F4xx_HAL_Driver/Src/stm32f4xx_hal_tim.o
                0x080033a8                HAL_TIM_PWM_MspInit
 .text.HAL_TIM_PWM_Start
                0x080033bc      0x190 ./Drivers/STM32F4xx_HAL_Driver/Src/stm32f4xx_hal_tim.o
                0x080033bc                HAL_TIM_PWM_Start
 .text.HAL_TIM_IC_Init
                0x0800354c       0x9e ./Drivers/STM32F4xx_HAL_Driver/Src/stm32f4xx_hal_tim.o
                0x0800354c                HAL_TIM_IC_Init
 .text.HAL_TIM_IC_MspInit
                0x080035ea       0x14 ./Drivers/STM32F4xx_HAL_Driver/Src/stm32f4xx_hal_tim.o
                0x080035ea                HAL_TIM_IC_MspInit
 .text.HAL_TIM_IC_ConfigChannel
                0x080035fe      0x138 ./Drivers/STM32F4xx_HAL_Driver/Src/stm32f4xx_hal_tim.o
                0x080035fe                HAL_TIM_IC_ConfigChannel
 *fill*         0x08003736        0x2 
 .text.HAL_TIM_PWM_ConfigChannel
                0x08003738      0x184 ./Drivers/STM32F4xx_HAL_Driver/Src/stm32f4xx_hal_tim.o
                0x08003738                HAL_TIM_PWM_ConfigChannel
 .text.HAL_TIM_ConfigClockSource
                0x080038bc      0x18e ./Drivers/STM32F4xx_HAL_Driver/Src/stm32f4xx_hal_tim.o
                0x080038bc                HAL_TIM_ConfigClockSource
 *fill*         0x08003a4a        0x2 
 .text.TIM_Base_SetConfig
                0x08003a4c      0x14c ./Drivers/STM32F4xx_HAL_Driver/Src/stm32f4xx_hal_tim.o
                0x08003a4c                TIM_Base_SetConfig
 .text.TIM_OC1_SetConfig
                0x08003b98       0xe0 ./Drivers/STM32F4xx_HAL_Driver/Src/stm32f4xx_hal_tim.o
 .text.TIM_OC2_SetConfig
                0x08003c78       0xec ./Drivers/STM32F4xx_HAL_Driver/Src/stm32f4xx_hal_tim.o
                0x08003c78                TIM_OC2_SetConfig
 .text.TIM_OC3_SetConfig
                0x08003d64       0xe8 ./Drivers/STM32F4xx_HAL_Driver/Src/stm32f4xx_hal_tim.o
 .text.TIM_OC4_SetConfig
                0x08003e4c       0xac ./Drivers/STM32F4xx_HAL_Driver/Src/stm32f4xx_hal_tim.o
 .text.TIM_TI1_SetConfig
                0x08003ef8       0xe8 ./Drivers/STM32F4xx_HAL_Driver/Src/stm32f4xx_hal_tim.o
                0x08003ef8                TIM_TI1_SetConfig
 .text.TIM_TI1_ConfigInputStage
                0x08003fe0       0x5e ./Drivers/STM32F4xx_HAL_Driver/Src/stm32f4xx_hal_tim.o
 .text.TIM_TI2_SetConfig
                0x0800403e       0x7a ./Drivers/STM32F4xx_HAL_Driver/Src/stm32f4xx_hal_tim.o
 .text.TIM_TI2_ConfigInputStage
                0x080040b8       0x60 ./Drivers/STM32F4xx_HAL_Driver/Src/stm32f4xx_hal_tim.o
 .text.TIM_TI3_SetConfig
                0x08004118       0x78 ./Drivers/STM32F4xx_HAL_Driver/Src/stm32f4xx_hal_tim.o
 .text.TIM_TI4_SetConfig
                0x08004190       0x7a ./Drivers/STM32F4xx_HAL_Driver/Src/stm32f4xx_hal_tim.o
 .text.TIM_ITRx_SetConfig
                0x0800420a       0x36 ./Drivers/STM32F4xx_HAL_Driver/Src/stm32f4xx_hal_tim.o
 .text.TIM_ETR_SetConfig
                0x08004240       0x40 ./Drivers/STM32F4xx_HAL_Driver/Src/stm32f4xx_hal_tim.o
                0x08004240                TIM_ETR_SetConfig
 .text.TIM_CCxChannelCmd
                0x08004280       0x4a ./Drivers/STM32F4xx_HAL_Driver/Src/stm32f4xx_hal_tim.o
                0x08004280                TIM_CCxChannelCmd
 *fill*         0x080042ca        0x2 
 .text.HAL_TIMEx_MasterConfigSynchronization
                0x080042cc       0xf8 ./Drivers/STM32F4xx_HAL_Driver/Src/stm32f4xx_hal_tim_ex.o
                0x080042cc                HAL_TIMEx_MasterConfigSynchronization
 .text.HAL_TIMEx_ConfigBreakDeadTime
                0x080043c4       0xa4 ./Drivers/STM32F4xx_HAL_Driver/Src/stm32f4xx_hal_tim_ex.o
                0x080043c4                HAL_TIMEx_ConfigBreakDeadTime
 .text.memset   0x08004468       0x10 C:/ST/STM32CubeIDE_2.2.0/STM32CubeIDE/plugins/com.st.stm32cube.ide.mcu.externaltools.gnu-tools-for-stm32.14.3.rel1.win32_1.0.100.202602081740/tools/bin/../lib/gcc/arm-none-eabi/14.3.1/../../../../arm-none-eabi/lib/thumb/v7e-m+fp/hard\libc_nano.a(libc_a-memset.o)
                0x08004468                memset
 .text.__libc_init_array
                0x08004478       0x48 C:/ST/STM32CubeIDE_2.2.0/STM32CubeIDE/plugins/com.st.stm32cube.ide.mcu.externaltools.gnu-tools-for-stm32.14.3.rel1.win32_1.0.100.202602081740/tools/bin/../lib/gcc/arm-none-eabi/14.3.1/../../../../arm-none-eabi/lib/thumb/v7e-m+fp/hard\libc_nano.a(libc_a-init.o)
                0x08004478                __libc_init_array
 *(.glue_7)
 .glue_7        0x080044c0        0x0 linker stubs
 *(.glue_7t)
 .glue_7t       0x080044c0        0x0 linker stubs
 *(.eh_frame)
 .eh_frame      0x080044c0        0x0 C:/ST/STM32CubeIDE_2.2.0/STM32CubeIDE/plugins/com.st.stm32cube.ide.mcu.externaltools.gnu-tools-for-stm32.14.3.rel1.win32_1.0.100.202602081740/tools/bin/../lib/gcc/arm-none-eabi/14.3.1/thumb/v7e-m+fp/hard/crtbegin.o
 *(.init)
 .init          0x080044c0        0x4 C:/ST/STM32CubeIDE_2.2.0/STM32CubeIDE/plugins/com.st.stm32cube.ide.mcu.externaltools.gnu-tools-for-stm32.14.3.rel1.win32_1.0.100.202602081740/tools/bin/../lib/gcc/arm-none-eabi/14.3.1/thumb/v7e-m+fp/hard/crti.o
                0x080044c0                _init
 .init          0x080044c4        0x8 C:/ST/STM32CubeIDE_2.2.0/STM32CubeIDE/plugins/com.st.stm32cube.ide.mcu.externaltools.gnu-tools-for-stm32.14.3.rel1.win32_1.0.100.202602081740/tools/bin/../lib/gcc/arm-none-eabi/14.3.1/thumb/v7e-m+fp/hard/crtn.o
 *(.fini)
 .fini          0x080044cc        0x4 C:/ST/STM32CubeIDE_2.2.0/STM32CubeIDE/plugins/com.st.stm32cube.ide.mcu.externaltools.gnu-tools-for-stm32.14.3.rel1.win32_1.0.100.202602081740/tools/bin/../lib/gcc/arm-none-eabi/14.3.1/thumb/v7e-m+fp/hard/crti.o
                0x080044cc                _fini
 .fini          0x080044d0        0x8 C:/ST/STM32CubeIDE_2.2.0/STM32CubeIDE/plugins/com.st.stm32cube.ide.mcu.externaltools.gnu-tools-for-stm32.14.3.rel1.win32_1.0.100.202602081740/tools/bin/../lib/gcc/arm-none-eabi/14.3.1/thumb/v7e-m+fp/hard/crtn.o
                0x080044d8                        . = ALIGN (0x4)
                0x080044d8                        _etext = .

.vfp11_veneer   0x080044d8        0x0
 .vfp11_veneer  0x080044d8        0x0 linker stubs

.v4_bx          0x080044d8        0x0
 .v4_bx         0x080044d8        0x0 linker stubs

.iplt           0x080044d8        0x0
 .iplt          0x080044d8        0x0 C:/ST/STM32CubeIDE_2.2.0/STM32CubeIDE/plugins/com.st.stm32cube.ide.mcu.externaltools.gnu-tools-for-stm32.14.3.rel1.win32_1.0.100.202602081740/tools/bin/../lib/gcc/arm-none-eabi/14.3.1/thumb/v7e-m+fp/hard/crtbegin.o

.rodata         0x080044d8       0x18
                0x080044d8                        . = ALIGN (0x4)
 *(.rodata)
 *(.rodata*)
 .rodata.AHBPrescTable
                0x080044d8       0x10 ./Core/Src/system_stm32f4xx.o
                0x080044d8                AHBPrescTable
 .rodata.flagBitshiftOffset.0
                0x080044e8        0x8 ./Drivers/STM32F4xx_HAL_Driver/Src/stm32f4xx_hal_dma.o
                0x080044f0                        . = ALIGN (0x4)

.ARM.extab      0x080044f0        0x0
                0x080044f0                        . = ALIGN (0x4)
 *(.ARM.extab* .gnu.linkonce.armextab.*)
                0x080044f0                        . = ALIGN (0x4)

.ARM            0x080044f0        0x8
                0x080044f0                        . = ALIGN (0x4)
                0x080044f0                        __exidx_start = .
 *(.ARM.exidx*)
 .ARM.exidx     0x080044f0        0x8 C:/ST/STM32CubeIDE_2.2.0/STM32CubeIDE/plugins/com.st.stm32cube.ide.mcu.externaltools.gnu-tools-for-stm32.14.3.rel1.win32_1.0.100.202602081740/tools/bin/../lib/gcc/arm-none-eabi/14.3.1/thumb/v7e-m+fp/hard\libgcc.a(_udivmoddi4.o)
                0x080044f8                        __exidx_end = .
                0x080044f8                        . = ALIGN (0x4)

.preinit_array  0x080044f8        0x0
                0x080044f8                        . = ALIGN (0x4)
                0x080044f8                        PROVIDE (__preinit_array_start = .)
 *(.preinit_array*)
                0x080044f8                        PROVIDE (__preinit_array_end = .)
                0x080044f8                        . = ALIGN (0x4)

.init_array     0x080044f8        0x4
                0x080044f8                        . = ALIGN (0x4)
                0x080044f8                        PROVIDE (__init_array_start = .)
 *(SORT_BY_NAME(.init_array.*))
 *(.init_array*)
 .init_array    0x080044f8        0x4 C:/ST/STM32CubeIDE_2.2.0/STM32CubeIDE/plugins/com.st.stm32cube.ide.mcu.externaltools.gnu-tools-for-stm32.14.3.rel1.win32_1.0.100.202602081740/tools/bin/../lib/gcc/arm-none-eabi/14.3.1/thumb/v7e-m+fp/hard/crtbegin.o
                0x080044fc                        PROVIDE (__init_array_end = .)
                0x080044fc                        . = ALIGN (0x4)

.fini_array     0x080044fc        0x4
                0x080044fc                        . = ALIGN (0x4)
                [!provide]                        PROVIDE (__fini_array_start = .)
 *(SORT_BY_NAME(.fini_array.*))
 *(.fini_array*)
 .fini_array    0x080044fc        0x4 C:/ST/STM32CubeIDE_2.2.0/STM32CubeIDE/plugins/com.st.stm32cube.ide.mcu.externaltools.gnu-tools-for-stm32.14.3.rel1.win32_1.0.100.202602081740/tools/bin/../lib/gcc/arm-none-eabi/14.3.1/thumb/v7e-m+fp/hard/crtbegin.o
                [!provide]                        PROVIDE (__fini_array_end = .)
                0x08004500                        . = ALIGN (0x4)
                0x08004500                        _sidata = LOADADDR (.data)

.rel.dyn        0x08004500        0x0
 .rel.iplt      0x08004500        0x0 C:/ST/STM32CubeIDE_2.2.0/STM32CubeIDE/plugins/com.st.stm32cube.ide.mcu.externaltools.gnu-tools-for-stm32.14.3.rel1.win32_1.0.100.202602081740/tools/bin/../lib/gcc/arm-none-eabi/14.3.1/thumb/v7e-m+fp/hard/crtbegin.o

.data           0x20000000        0xc load address 0x08004500
                0x20000000                        . = ALIGN (0x4)
                0x20000000                        _sdata = .
 *(.data)
 *(.data*)
 .data.SystemCoreClock
                0x20000000        0x4 ./Core/Src/system_stm32f4xx.o
                0x20000000                SystemCoreClock
 .data.uwTickPrio
                0x20000004        0x4 ./Drivers/STM32F4xx_HAL_Driver/Src/stm32f4xx_hal.o
                0x20000004                uwTickPrio
 .data.uwTickFreq
                0x20000008        0x1 ./Drivers/STM32F4xx_HAL_Driver/Src/stm32f4xx_hal.o
                0x20000008                uwTickFreq
 *(.RamFunc)
 *(.RamFunc*)
                0x2000000c                        . = ALIGN (0x4)
 *fill*         0x20000009        0x3 
                0x2000000c                        _edata = .

.igot.plt       0x2000000c        0x0 load address 0x0800450c
 .igot.plt      0x2000000c        0x0 C:/ST/STM32CubeIDE_2.2.0/STM32CubeIDE/plugins/com.st.stm32cube.ide.mcu.externaltools.gnu-tools-for-stm32.14.3.rel1.win32_1.0.100.202602081740/tools/bin/../lib/gcc/arm-none-eabi/14.3.1/thumb/v7e-m+fp/hard/crtbegin.o
                0x2000000c                        . = ALIGN (0x4)

.bss            0x2000000c      0x22c load address 0x0800450c
                0x2000000c                        _sbss = .
                0x2000000c                        __bss_start__ = _sbss
 *(.bss)
 .bss           0x2000000c       0x1c C:/ST/STM32CubeIDE_2.2.0/STM32CubeIDE/plugins/com.st.stm32cube.ide.mcu.externaltools.gnu-tools-for-stm32.14.3.rel1.win32_1.0.100.202602081740/tools/bin/../lib/gcc/arm-none-eabi/14.3.1/thumb/v7e-m+fp/hard/crtbegin.o
 *(.bss*)
 .bss.hadc1     0x20000028       0x48 ./Core/Src/main.o
                0x20000028                hadc1
 .bss.hdma_adc1
                0x20000070       0x60 ./Core/Src/main.o
                0x20000070                hdma_adc1
 .bss.hcan1     0x200000d0       0x28 ./Core/Src/main.o
                0x200000d0                hcan1
 .bss.hcan2     0x200000f8       0x28 ./Core/Src/main.o
                0x200000f8                hcan2
 .bss.htim1     0x20000120       0x48 ./Core/Src/main.o
                0x20000120                htim1
 .bss.htim14    0x20000168       0x48 ./Core/Src/main.o
                0x20000168                htim14
 .bss.can_drv   0x200001b0       0x6c ./Core/Src/main.o
 .bss.motor_fan
                0x2000021c       0x10 ./Core/Src/main.o
 .bss.heartbeat_counter
                0x2000022c        0x2 ./Core/Src/main.o
 *fill*         0x2000022e        0x2 
 .bss.HAL_RCC_CAN1_CLK_ENABLED
                0x20000230        0x4 ./Core/Src/stm32f4xx_hal_msp.o
 .bss.uwTick    0x20000234        0x4 ./Drivers/STM32F4xx_HAL_Driver/Src/stm32f4xx_hal.o
                0x20000234                uwTick
 *(COMMON)
                0x20000238                        . = ALIGN (0x4)
                0x20000238                        _ebss = .
                0x20000238                        __bss_end__ = _ebss

._user_heap_stack
                0x20000238      0x600 load address 0x0800450c
                0x20000238                        . = ALIGN (0x8)
                [!provide]                        PROVIDE (end = .)
                0x20000238                        PROVIDE (_end = .)
                0x20000438                        . = (. + _Min_Heap_Size)
 *fill*         0x20000238      0x200 
                0x20000838                        . = (. + _Min_Stack_Size)
 *fill*         0x20000438      0x400 
                0x20000838                        . = ALIGN (0x8)

/DISCARD/
 libc.a(*)
 libm.a(*)
 libgcc.a(*)

.ARM.attributes
                0x00000000       0x30
 *(.ARM.attributes)
 .ARM.attributes
                0x00000000       0x22 C:/ST/STM32CubeIDE_2.2.0/STM32CubeIDE/plugins/com.st.stm32cube.ide.mcu.externaltools.gnu-tools-for-stm32.14.3.rel1.win32_1.0.100.202602081740/tools/bin/../lib/gcc/arm-none-eabi/14.3.1/thumb/v7e-m+fp/hard/crti.o
 .ARM.attributes
                0x00000022       0x34 C:/ST/STM32CubeIDE_2.2.0/STM32CubeIDE/plugins/com.st.stm32cube.ide.mcu.externaltools.gnu-tools-for-stm32.14.3.rel1.win32_1.0.100.202602081740/tools/bin/../lib/gcc/arm-none-eabi/14.3.1/thumb/v7e-m+fp/hard/crtbegin.o
 .ARM.attributes
                0x00000056       0x34 ./App/Src/can_driver.o
 .ARM.attributes
                0x0000008a       0x34 ./App/Src/motor_fan.o
 .ARM.attributes
                0x000000be       0x34 ./Core/Src/main.o
 .ARM.attributes
                0x000000f2       0x34 ./Core/Src/stm32f4xx_hal_msp.o
 .ARM.attributes
                0x00000126       0x34 ./Core/Src/stm32f4xx_it.o
 .ARM.attributes
                0x0000015a       0x34 ./Core/Src/system_stm32f4xx.o
 .ARM.attributes
                0x0000018e       0x21 ./Core/Startup/startup_stm32f412retx.o
 .ARM.attributes
                0x000001af       0x34 ./Drivers/STM32F4xx_HAL_Driver/Src/stm32f4xx_hal.o
 .ARM.attributes
                0x000001e3       0x34 ./Drivers/STM32F4xx_HAL_Driver/Src/stm32f4xx_hal_adc.o
 .ARM.attributes
                0x00000217       0x34 ./Drivers/STM32F4xx_HAL_Driver/Src/stm32f4xx_hal_can.o
 .ARM.attributes
                0x0000024b       0x34 ./Drivers/STM32F4xx_HAL_Driver/Src/stm32f4xx_hal_cortex.o
 .ARM.attributes
                0x0000027f       0x34 ./Drivers/STM32F4xx_HAL_Driver/Src/stm32f4xx_hal_dma.o
 .ARM.attributes
                0x000002b3       0x34 ./Drivers/STM32F4xx_HAL_Driver/Src/stm32f4xx_hal_gpio.o
 .ARM.attributes
                0x000002e7       0x34 ./Drivers/STM32F4xx_HAL_Driver/Src/stm32f4xx_hal_rcc.o
 .ARM.attributes
                0x0000031b       0x34 ./Drivers/STM32F4xx_HAL_Driver/Src/stm32f4xx_hal_rcc_ex.o
 .ARM.attributes
                0x0000034f       0x34 ./Drivers/STM32F4xx_HAL_Driver/Src/stm32f4xx_hal_tim.o
 .ARM.attributes
                0x00000383       0x34 ./Drivers/STM32F4xx_HAL_Driver/Src/stm32f4xx_hal_tim_ex.o
 .ARM.attributes
                0x000003b7       0x34 C:/ST/STM32CubeIDE_2.2.0/STM32CubeIDE/plugins/com.st.stm32cube.ide.mcu.externaltools.gnu-tools-for-stm32.14.3.rel1.win32_1.0.100.202602081740/tools/bin/../lib/gcc/arm-none-eabi/14.3.1/../../../../arm-none-eabi/lib/thumb/v7e-m+fp/hard\libc_nano.a(libc_a-memset.o)
 .ARM.attributes
                0x000003eb       0x34 C:/ST/STM32CubeIDE_2.2.0/STM32CubeIDE/plugins/com.st.stm32cube.ide.mcu.externaltools.gnu-tools-for-stm32.14.3.rel1.win32_1.0.100.202602081740/tools/bin/../lib/gcc/arm-none-eabi/14.3.1/../../../../arm-none-eabi/lib/thumb/v7e-m+fp/hard\libc_nano.a(libc_a-init.o)
 .ARM.attributes
                0x0000041f       0x22 C:/ST/STM32CubeIDE_2.2.0/STM32CubeIDE/plugins/com.st.stm32cube.ide.mcu.externaltools.gnu-tools-for-stm32.14.3.rel1.win32_1.0.100.202602081740/tools/bin/../lib/gcc/arm-none-eabi/14.3.1/thumb/v7e-m+fp/hard\libgcc.a(_aeabi_uldivmod.o)
 .ARM.attributes
                0x00000441       0x34 C:/ST/STM32CubeIDE_2.2.0/STM32CubeIDE/plugins/com.st.stm32cube.ide.mcu.externaltools.gnu-tools-for-stm32.14.3.rel1.win32_1.0.100.202602081740/tools/bin/../lib/gcc/arm-none-eabi/14.3.1/thumb/v7e-m+fp/hard\libgcc.a(_udivmoddi4.o)
 .ARM.attributes
                0x00000475       0x22 C:/ST/STM32CubeIDE_2.2.0/STM32CubeIDE/plugins/com.st.stm32cube.ide.mcu.externaltools.gnu-tools-for-stm32.14.3.rel1.win32_1.0.100.202602081740/tools/bin/../lib/gcc/arm-none-eabi/14.3.1/thumb/v7e-m+fp/hard\libgcc.a(_dvmd_tls.o)
 .ARM.attributes
                0x00000497       0x22 C:/ST/STM32CubeIDE_2.2.0/STM32CubeIDE/plugins/com.st.stm32cube.ide.mcu.externaltools.gnu-tools-for-stm32.14.3.rel1.win32_1.0.100.202602081740/tools/bin/../lib/gcc/arm-none-eabi/14.3.1/thumb/v7e-m+fp/hard/crtn.o
OUTPUT(FCC LED TEST.elf elf32-littlearm)
LOAD linker stubs
LOAD C:/ST/STM32CubeIDE_2.2.0/STM32CubeIDE/plugins/com.st.stm32cube.ide.mcu.externaltools.gnu-tools-for-stm32.14.3.rel1.win32_1.0.100.202602081740/tools/bin/../lib/gcc/arm-none-eabi/14.3.1/../../../../arm-none-eabi/lib/thumb/v7e-m+fp/hard\libc.a
LOAD C:/ST/STM32CubeIDE_2.2.0/STM32CubeIDE/plugins/com.st.stm32cube.ide.mcu.externaltools.gnu-tools-for-stm32.14.3.rel1.win32_1.0.100.202602081740/tools/bin/../lib/gcc/arm-none-eabi/14.3.1/../../../../arm-none-eabi/lib/thumb/v7e-m+fp/hard\libm.a
LOAD C:/ST/STM32CubeIDE_2.2.0/STM32CubeIDE/plugins/com.st.stm32cube.ide.mcu.externaltools.gnu-tools-for-stm32.14.3.rel1.win32_1.0.100.202602081740/tools/bin/../lib/gcc/arm-none-eabi/14.3.1/thumb/v7e-m+fp/hard\libgcc.a

.debug_info     0x00000000     0xdef0
 .debug_info    0x00000000      0x9de ./App/Src/can_driver.o
 .debug_info    0x000009de      0x623 ./App/Src/motor_fan.o
 .debug_info    0x00001001     0x1d94 ./Core/Src/main.o
 .debug_info    0x00002d95     0x15e3 ./Core/Src/stm32f4xx_hal_msp.o
 .debug_info    0x00004378      0x3be ./Core/Src/stm32f4xx_it.o
 .debug_info    0x00004736      0x54a ./Core/Src/system_stm32f4xx.o
 .debug_info    0x00004c80       0x30 ./Core/Startup/startup_stm32f412retx.o
 .debug_info    0x00004cb0      0x96a ./Drivers/STM32F4xx_HAL_Driver/Src/stm32f4xx_hal.o
 .debug_info    0x0000561a      0xce3 ./Drivers/STM32F4xx_HAL_Driver/Src/stm32f4xx_hal_adc.o
 .debug_info    0x000062fd      0xf4c ./Drivers/STM32F4xx_HAL_Driver/Src/stm32f4xx_hal_can.o
 .debug_info    0x00007249      0xd7a ./Drivers/STM32F4xx_HAL_Driver/Src/stm32f4xx_hal_cortex.o
 .debug_info    0x00007fc3      0x8e7 ./Drivers/STM32F4xx_HAL_Driver/Src/stm32f4xx_hal_dma.o
 .debug_info    0x000088aa      0x70b ./Drivers/STM32F4xx_HAL_Driver/Src/stm32f4xx_hal_gpio.o
 .debug_info    0x00008fb5      0x8ff ./Drivers/STM32F4xx_HAL_Driver/Src/stm32f4xx_hal_rcc.o
 .debug_info    0x000098b4      0x7c4 ./Drivers/STM32F4xx_HAL_Driver/Src/stm32f4xx_hal_rcc_ex.o
 .debug_info    0x0000a078     0x299d ./Drivers/STM32F4xx_HAL_Driver/Src/stm32f4xx_hal_tim.o
 .debug_info    0x0000ca15     0x14db ./Drivers/STM32F4xx_HAL_Driver/Src/stm32f4xx_hal_tim_ex.o

.debug_abbrev   0x00000000     0x23bf
 .debug_abbrev  0x00000000      0x20c ./App/Src/can_driver.o
 .debug_abbrev  0x0000020c      0x1cb ./App/Src/motor_fan.o
 .debug_abbrev  0x000003d7      0x328 ./Core/Src/main.o
 .debug_abbrev  0x000006ff      0x27b ./Core/Src/stm32f4xx_hal_msp.o
 .debug_abbrev  0x0000097a      0x169 ./Core/Src/stm32f4xx_it.o
 .debug_abbrev  0x00000ae3      0x11a ./Core/Src/system_stm32f4xx.o
 .debug_abbrev  0x00000bfd       0x24 ./Core/Startup/startup_stm32f412retx.o
 .debug_abbrev  0x00000c21      0x214 ./Drivers/STM32F4xx_HAL_Driver/Src/stm32f4xx_hal.o
 .debug_abbrev  0x00000e35      0x252 ./Drivers/STM32F4xx_HAL_Driver/Src/stm32f4xx_hal_adc.o
 .debug_abbrev  0x00001087      0x245 ./Drivers/STM32F4xx_HAL_Driver/Src/stm32f4xx_hal_can.o
 .debug_abbrev  0x000012cc      0x31d ./Drivers/STM32F4xx_HAL_Driver/Src/stm32f4xx_hal_cortex.o
 .debug_abbrev  0x000015e9      0x264 ./Drivers/STM32F4xx_HAL_Driver/Src/stm32f4xx_hal_dma.o
 .debug_abbrev  0x0000184d      0x1d4 ./Drivers/STM32F4xx_HAL_Driver/Src/stm32f4xx_hal_gpio.o
 .debug_abbrev  0x00001a21      0x2b7 ./Drivers/STM32F4xx_HAL_Driver/Src/stm32f4xx_hal_rcc.o
 .debug_abbrev  0x00001cd8      0x1ec ./Drivers/STM32F4xx_HAL_Driver/Src/stm32f4xx_hal_rcc_ex.o
 .debug_abbrev  0x00001ec4      0x278 ./Drivers/STM32F4xx_HAL_Driver/Src/stm32f4xx_hal_tim.o
 .debug_abbrev  0x0000213c      0x283 ./Drivers/STM32F4xx_HAL_Driver/Src/stm32f4xx_hal_tim_ex.o

.debug_aranges  0x00000000      0xd70
 .debug_aranges
                0x00000000       0x58 ./App/Src/can_driver.o
 .debug_aranges
                0x00000058       0x40 ./App/Src/motor_fan.o
 .debug_aranges
                0x00000098       0x70 ./Core/Src/main.o
 .debug_aranges
                0x00000108       0x68 ./Core/Src/stm32f4xx_hal_msp.o
 .debug_aranges
                0x00000170       0x68 ./Core/Src/stm32f4xx_it.o
 .debug_aranges
                0x000001d8       0x28 ./Core/Src/system_stm32f4xx.o
 .debug_aranges
                0x00000200       0x28 ./Core/Startup/startup_stm32f412retx.o
 .debug_aranges
                0x00000228       0xf0 ./Drivers/STM32F4xx_HAL_Driver/Src/stm32f4xx_hal.o
 .debug_aranges
                0x00000318       0xe8 ./Drivers/STM32F4xx_HAL_Driver/Src/stm32f4xx_hal_adc.o
 .debug_aranges
                0x00000400      0x138 ./Drivers/STM32F4xx_HAL_Driver/Src/stm32f4xx_hal_can.o
 .debug_aranges
                0x00000538      0x130 ./Drivers/STM32F4xx_HAL_Driver/Src/stm32f4xx_hal_cortex.o
 .debug_aranges
                0x00000668       0x90 ./Drivers/STM32F4xx_HAL_Driver/Src/stm32f4xx_hal_dma.o
 .debug_aranges
                0x000006f8       0x58 ./Drivers/STM32F4xx_HAL_Driver/Src/stm32f4xx_hal_gpio.o
 .debug_aranges
                0x00000750       0x88 ./Drivers/STM32F4xx_HAL_Driver/Src/stm32f4xx_hal_rcc.o
 .debug_aranges
                0x000007d8       0x60 ./Drivers/STM32F4xx_HAL_Driver/Src/stm32f4xx_hal_rcc_ex.o
 .debug_aranges
                0x00000838      0x3d0 ./Drivers/STM32F4xx_HAL_Driver/Src/stm32f4xx_hal_tim.o
 .debug_aranges
                0x00000c08      0x168 ./Drivers/STM32F4xx_HAL_Driver/Src/stm32f4xx_hal_tim_ex.o

.debug_rnglists
                0x00000000      0xa5a
 .debug_rnglists
                0x00000000       0x3e ./App/Src/can_driver.o
 .debug_rnglists
                0x0000003e       0x2d ./App/Src/motor_fan.o
 .debug_rnglists
                0x0000006b       0x55 ./Core/Src/main.o
 .debug_rnglists
                0x000000c0       0x4e ./Core/Src/stm32f4xx_hal_msp.o
 .debug_rnglists
                0x0000010e       0x49 ./Core/Src/stm32f4xx_it.o
 .debug_rnglists
                0x00000157       0x1a ./Core/Src/system_stm32f4xx.o
 .debug_rnglists
                0x00000171       0x19 ./Core/Startup/startup_stm32f412retx.o
 .debug_rnglists
                0x0000018a       0xaf ./Drivers/STM32F4xx_HAL_Driver/Src/stm32f4xx_hal.o
 .debug_rnglists
                0x00000239       0xb5 ./Drivers/STM32F4xx_HAL_Driver/Src/stm32f4xx_hal_adc.o
 .debug_rnglists
                0x000002ee       0xee ./Drivers/STM32F4xx_HAL_Driver/Src/stm32f4xx_hal_can.o
 .debug_rnglists
                0x000003dc       0xe0 ./Drivers/STM32F4xx_HAL_Driver/Src/stm32f4xx_hal_cortex.o
 .debug_rnglists
                0x000004bc       0x70 ./Drivers/STM32F4xx_HAL_Driver/Src/stm32f4xx_hal_dma.o
 .debug_rnglists
                0x0000052c       0x3f ./Drivers/STM32F4xx_HAL_Driver/Src/stm32f4xx_hal_gpio.o
 .debug_rnglists
                0x0000056b       0x66 ./Drivers/STM32F4xx_HAL_Driver/Src/stm32f4xx_hal_rcc.o
 .debug_rnglists
                0x000005d1       0x4a ./Drivers/STM32F4xx_HAL_Driver/Src/stm32f4xx_hal_rcc_ex.o
 .debug_rnglists
                0x0000061b      0x31a ./Drivers/STM32F4xx_HAL_Driver/Src/stm32f4xx_hal_tim.o
 .debug_rnglists
                0x00000935      0x125 ./Drivers/STM32F4xx_HAL_Driver/Src/stm32f4xx_hal_tim_ex.o

.debug_macro    0x00000000    0x22082
 .debug_macro   0x00000000      0x3b7 ./App/Src/can_driver.o
 .debug_macro   0x000003b7      0xad8 ./App/Src/can_driver.o
 .debug_macro   0x00000e8f       0x22 ./App/Src/can_driver.o
 .debug_macro   0x00000eb1       0x5b ./App/Src/can_driver.o
 .debug_macro   0x00000f0c       0x2a ./App/Src/can_driver.o
 .debug_macro   0x00000f36       0x94 ./App/Src/can_driver.o
 .debug_macro   0x00000fca       0x43 ./App/Src/can_driver.o
 .debug_macro   0x0000100d       0x34 ./App/Src/can_driver.o
 .debug_macro   0x00001041      0x190 ./App/Src/can_driver.o
 .debug_macro   0x000011d1       0x57 ./App/Src/can_driver.o
 .debug_macro   0x00001228      0x364 ./App/Src/can_driver.o
 .debug_macro   0x0000158c       0x16 ./App/Src/can_driver.o
 .debug_macro   0x000015a2       0x4a ./App/Src/can_driver.o
 .debug_macro   0x000015ec       0x34 ./App/Src/can_driver.o
 .debug_macro   0x00001620       0x10 ./App/Src/can_driver.o
 .debug_macro   0x00001630       0x58 ./App/Src/can_driver.o
 .debug_macro   0x00001688       0x8e ./App/Src/can_driver.o
 .debug_macro   0x00001716       0x1c ./App/Src/can_driver.o
 .debug_macro   0x00001732      0x17e ./App/Src/can_driver.o
 .debug_macro   0x000018b0      0x19b ./App/Src/can_driver.o
 .debug_macro   0x00001a4b       0x1c ./App/Src/can_driver.o
 .debug_macro   0x00001a67       0x3c ./App/Src/can_driver.o
 .debug_macro   0x00001aa3       0x10 ./App/Src/can_driver.o
 .debug_macro   0x00001ab3       0x1c ./App/Src/can_driver.o
 .debug_macro   0x00001acf       0x16 ./App/Src/can_driver.o
 .debug_macro   0x00001ae5      0x146 ./App/Src/can_driver.o
 .debug_macro   0x00001c2b      0x103 ./App/Src/can_driver.o
 .debug_macro   0x00001d2e       0x6a ./App/Src/can_driver.o
 .debug_macro   0x00001d98      0x1df ./App/Src/can_driver.o
 .debug_macro   0x00001f77       0x16 ./App/Src/can_driver.o
 .debug_macro   0x00001f8d       0x16 ./App/Src/can_driver.o
 .debug_macro   0x00001fa3       0x29 ./App/Src/can_driver.o
 .debug_macro   0x00001fcc       0x7c ./App/Src/can_driver.o
 .debug_macro   0x00002048       0x17 ./App/Src/can_driver.o
 .debug_macro   0x0000205f      0x118 ./App/Src/can_driver.o
 .debug_macro   0x00002177       0x16 ./App/Src/can_driver.o
 .debug_macro   0x0000218d       0x20 ./App/Src/can_driver.o
 .debug_macro   0x000021ad       0x22 ./App/Src/can_driver.o
 .debug_macro   0x000021cf      0x2a7 ./App/Src/can_driver.o
 .debug_macro   0x00002476       0x2e ./App/Src/can_driver.o
 .debug_macro   0x000024a4       0x28 ./App/Src/can_driver.o
 .debug_macro   0x000024cc       0x1c ./App/Src/can_driver.o
 .debug_macro   0x000024e8       0x22 ./App/Src/can_driver.o
 .debug_macro   0x0000250a       0xfb ./App/Src/can_driver.o
 .debug_macro   0x00002605     0x1011 ./App/Src/can_driver.o
 .debug_macro   0x00003616      0x11f ./App/Src/can_driver.o
 .debug_macro   0x00003735    0x146b1 ./App/Src/can_driver.o
 .debug_macro   0x00017de6       0x6d ./App/Src/can_driver.o
 .debug_macro   0x00017e53     0x3693 ./App/Src/can_driver.o
 .debug_macro   0x0001b4e6       0x56 ./App/Src/can_driver.o
 .debug_macro   0x0001b53c      0x902 ./App/Src/can_driver.o
 .debug_macro   0x0001be3e      0x9e9 ./App/Src/can_driver.o
 .debug_macro   0x0001c827      0x115 ./App/Src/can_driver.o
 .debug_macro   0x0001c93c      0x192 ./App/Src/can_driver.o
 .debug_macro   0x0001cace       0xa5 ./App/Src/can_driver.o
 .debug_macro   0x0001cb73      0x158 ./App/Src/can_driver.o
 .debug_macro   0x0001cccb      0x287 ./App/Src/can_driver.o
 .debug_macro   0x0001cf52       0x5f ./App/Src/can_driver.o
 .debug_macro   0x0001cfb1      0x236 ./App/Src/can_driver.o
 .debug_macro   0x0001d1e7      0x9e1 ./App/Src/can_driver.o
 .debug_macro   0x0001dbc8      0x38b ./App/Src/can_driver.o
 .debug_macro   0x0001df53      0x176 ./App/Src/can_driver.o
 .debug_macro   0x0001e0c9       0xf9 ./App/Src/can_driver.o
 .debug_macro   0x0001e1c2      0x40f ./App/Src/can_driver.o
 .debug_macro   0x0001e5d1      0x132 ./App/Src/can_driver.o
 .debug_macro   0x0001e703      0x29c ./App/Src/can_driver.o
 .debug_macro   0x0001e99f       0x2e ./App/Src/can_driver.o
 .debug_macro   0x0001e9cd      0x1b5 ./App/Src/can_driver.o
 .debug_macro   0x0001eb82       0x22 ./App/Src/can_driver.o
 .debug_macro   0x0001eba4       0xd6 ./App/Src/can_driver.o
 .debug_macro   0x0001ec7a      0x127 ./App/Src/can_driver.o
 .debug_macro   0x0001eda1       0x91 ./App/Src/can_driver.o
 .debug_macro   0x0001ee32       0x89 ./App/Src/can_driver.o
 .debug_macro   0x0001eebb      0x8ed ./App/Src/can_driver.o
 .debug_macro   0x0001f7a8       0x4d ./App/Src/can_driver.o
 .debug_macro   0x0001f7f5      0x126 ./App/Src/can_driver.o
 .debug_macro   0x0001f91b       0x70 ./App/Src/can_driver.o
 .debug_macro   0x0001f98b       0xb2 ./App/Src/can_driver.o
 .debug_macro   0x0001fa3d      0x3b1 ./App/Src/motor_fan.o
 .debug_macro   0x0001fdee      0x3d3 ./Core/Src/main.o
 .debug_macro   0x000201c1       0x8e ./Core/Src/main.o
 .debug_macro   0x0002024f       0x51 ./Core/Src/main.o
 .debug_macro   0x000202a0       0x5c ./Core/Src/main.o
 .debug_macro   0x000202fc       0x61 ./Core/Src/main.o
 .debug_macro   0x0002035d      0x21e ./Core/Src/stm32f4xx_hal_msp.o
 .debug_macro   0x0002057b      0x3c1 ./Core/Src/stm32f4xx_it.o
 .debug_macro   0x0002093c      0x20f ./Core/Src/system_stm32f4xx.o
 .debug_macro   0x00020b4b      0x26f ./Drivers/STM32F4xx_HAL_Driver/Src/stm32f4xx_hal.o
 .debug_macro   0x00020dba      0x210 ./Drivers/STM32F4xx_HAL_Driver/Src/stm32f4xx_hal_adc.o
 .debug_macro   0x00020fca      0x21e ./Drivers/STM32F4xx_HAL_Driver/Src/stm32f4xx_hal_can.o
 .debug_macro   0x000211e8      0x20f ./Drivers/STM32F4xx_HAL_Driver/Src/stm32f4xx_hal_cortex.o
 .debug_macro   0x000213f7      0x215 ./Drivers/STM32F4xx_HAL_Driver/Src/stm32f4xx_hal_dma.o
 .debug_macro   0x0002160c      0x215 ./Drivers/STM32F4xx_HAL_Driver/Src/stm32f4xx_hal_gpio.o
 .debug_macro   0x00021821      0x233 ./Drivers/STM32F4xx_HAL_Driver/Src/stm32f4xx_hal_rcc.o
 .debug_macro   0x00021a54      0x20f ./Drivers/STM32F4xx_HAL_Driver/Src/stm32f4xx_hal_rcc_ex.o
 .debug_macro   0x00021c63      0x210 ./Drivers/STM32F4xx_HAL_Driver/Src/stm32f4xx_hal_tim.o
 .debug_macro   0x00021e73      0x20f ./Drivers/STM32F4xx_HAL_Driver/Src/stm32f4xx_hal_tim_ex.o

.debug_line     0x00000000    0x10c97
 .debug_line    0x00000000      0xbf8 ./App/Src/can_driver.o
 .debug_line    0x00000bf8      0xae5 ./App/Src/motor_fan.o
 .debug_line    0x000016dd      0xd7a ./Core/Src/main.o
 .debug_line    0x00002457      0x9d6 ./Core/Src/stm32f4xx_hal_msp.o
 .debug_line    0x00002e2d      0xaa5 ./Core/Src/stm32f4xx_it.o
 .debug_line    0x000038d2      0x837 ./Core/Src/system_stm32f4xx.o
 .debug_line    0x00004109       0x7a ./Core/Startup/startup_stm32f412retx.o
 .debug_line    0x00004183      0xab6 ./Drivers/STM32F4xx_HAL_Driver/Src/stm32f4xx_hal.o
 .debug_line    0x00004c39     0x11fe ./Drivers/STM32F4xx_HAL_Driver/Src/stm32f4xx_hal_adc.o
 .debug_line    0x00005e37     0x1272 ./Drivers/STM32F4xx_HAL_Driver/Src/stm32f4xx_hal_can.o
 .debug_line    0x000070a9      0xd83 ./Drivers/STM32F4xx_HAL_Driver/Src/stm32f4xx_hal_cortex.o
 .debug_line    0x00007e2c     0x101f ./Drivers/STM32F4xx_HAL_Driver/Src/stm32f4xx_hal_dma.o
 .debug_line    0x00008e4b      0xbb8 ./Drivers/STM32F4xx_HAL_Driver/Src/stm32f4xx_hal_gpio.o
 .debug_line    0x00009a03      0xecc ./Drivers/STM32F4xx_HAL_Driver/Src/stm32f4xx_hal_rcc.o
 .debug_line    0x0000a8cf     0x1187 ./Drivers/STM32F4xx_HAL_Driver/Src/stm32f4xx_hal_rcc_ex.o
 .debug_line    0x0000ba56     0x382e ./Drivers/STM32F4xx_HAL_Driver/Src/stm32f4xx_hal_tim.o
 .debug_line    0x0000f284     0x1a13 ./Drivers/STM32F4xx_HAL_Driver/Src/stm32f4xx_hal_tim_ex.o

.debug_str      0x00000000    0xd1081
 .debug_str     0x00000000    0xd1081 ./App/Src/can_driver.o
                              0xcd172 (size before relaxing)
 .debug_str     0x000d1081    0xccf45 ./App/Src/motor_fan.o
 .debug_str     0x000d1081    0xce356 ./Core/Src/main.o
 .debug_str     0x000d1081    0xc917f ./Core/Src/stm32f4xx_hal_msp.o
 .debug_str     0x000d1081    0xccef1 ./Core/Src/stm32f4xx_it.o
 .debug_str     0x000d1081    0xc8357 ./Core/Src/system_stm32f4xx.o
 .debug_str     0x000d1081       0x7d ./Core/Startup/startup_stm32f412retx.o
 .debug_str     0x000d1081    0xc8ebc ./Drivers/STM32F4xx_HAL_Driver/Src/stm32f4xx_hal.o
 .debug_str     0x000d1081    0xc8927 ./Drivers/STM32F4xx_HAL_Driver/Src/stm32f4xx_hal_adc.o
 .debug_str     0x000d1081    0xc8a34 ./Drivers/STM32F4xx_HAL_Driver/Src/stm32f4xx_hal_can.o
 .debug_str     0x000d1081    0xc8c14 ./Drivers/STM32F4xx_HAL_Driver/Src/stm32f4xx_hal_cortex.o
 .debug_str     0x000d1081    0xc8754 ./Drivers/STM32F4xx_HAL_Driver/Src/stm32f4xx_hal_dma.o
 .debug_str     0x000d1081    0xc84df ./Drivers/STM32F4xx_HAL_Driver/Src/stm32f4xx_hal_gpio.o
 .debug_str     0x000d1081    0xc8797 ./Drivers/STM32F4xx_HAL_Driver/Src/stm32f4xx_hal_rcc.o
 .debug_str     0x000d1081    0xc8697 ./Drivers/STM32F4xx_HAL_Driver/Src/stm32f4xx_hal_rcc_ex.o
 .debug_str     0x000d1081    0xc96c4 ./Drivers/STM32F4xx_HAL_Driver/Src/stm32f4xx_hal_tim.o
 .debug_str     0x000d1081    0xc8ed0 ./Drivers/STM32F4xx_HAL_Driver/Src/stm32f4xx_hal_tim_ex.o

.comment        0x00000000       0x43
 .comment       0x00000000       0x43 ./App/Src/can_driver.o
                                 0x44 (size before relaxing)
 .comment       0x00000043       0x44 ./App/Src/motor_fan.o
 .comment       0x00000043       0x44 ./Core/Src/main.o
 .comment       0x00000043       0x44 ./Core/Src/stm32f4xx_hal_msp.o
 .comment       0x00000043       0x44 ./Core/Src/stm32f4xx_it.o
 .comment       0x00000043       0x44 ./Core/Src/system_stm32f4xx.o
 .comment       0x00000043       0x44 ./Drivers/STM32F4xx_HAL_Driver/Src/stm32f4xx_hal.o
 .comment       0x00000043       0x44 ./Drivers/STM32F4xx_HAL_Driver/Src/stm32f4xx_hal_adc.o
 .comment       0x00000043       0x44 ./Drivers/STM32F4xx_HAL_Driver/Src/stm32f4xx_hal_can.o
 .comment       0x00000043       0x44 ./Drivers/STM32F4xx_HAL_Driver/Src/stm32f4xx_hal_cortex.o
 .comment       0x00000043       0x44 ./Drivers/STM32F4xx_HAL_Driver/Src/stm32f4xx_hal_dma.o
 .comment       0x00000043       0x44 ./Drivers/STM32F4xx_HAL_Driver/Src/stm32f4xx_hal_gpio.o
 .comment       0x00000043       0x44 ./Drivers/STM32F4xx_HAL_Driver/Src/stm32f4xx_hal_rcc.o
 .comment       0x00000043       0x44 ./Drivers/STM32F4xx_HAL_Driver/Src/stm32f4xx_hal_rcc_ex.o
 .comment       0x00000043       0x44 ./Drivers/STM32F4xx_HAL_Driver/Src/stm32f4xx_hal_tim.o
 .comment       0x00000043       0x44 ./Drivers/STM32F4xx_HAL_Driver/Src/stm32f4xx_hal_tim_ex.o

.debug_frame    0x00000000     0x3530
 .debug_frame   0x00000000      0x130 ./App/Src/can_driver.o
 .debug_frame   0x00000130       0xc4 ./App/Src/motor_fan.o
 .debug_frame   0x000001f4      0x17c ./Core/Src/main.o
 .debug_frame   0x00000370      0x178 ./Core/Src/stm32f4xx_hal_msp.o
 .debug_frame   0x000004e8      0x114 ./Core/Src/stm32f4xx_it.o
 .debug_frame   0x000005fc       0x50 ./Core/Src/system_stm32f4xx.o
 .debug_frame   0x0000064c      0x31c ./Drivers/STM32F4xx_HAL_Driver/Src/stm32f4xx_hal.o
 .debug_frame   0x00000968      0x3bc ./Drivers/STM32F4xx_HAL_Driver/Src/stm32f4xx_hal_adc.o
 .debug_frame   0x00000d24      0x524 ./Drivers/STM32F4xx_HAL_Driver/Src/stm32f4xx_hal_can.o
 .debug_frame   0x00001248      0x4b8 ./Drivers/STM32F4xx_HAL_Driver/Src/stm32f4xx_hal_cortex.o
 .debug_frame   0x00001700      0x230 ./Drivers/STM32F4xx_HAL_Driver/Src/stm32f4xx_hal_dma.o
 .debug_frame   0x00001930      0x130 ./Drivers/STM32F4xx_HAL_Driver/Src/stm32f4xx_hal_gpio.o
 .debug_frame   0x00001a60      0x1d8 ./Drivers/STM32F4xx_HAL_Driver/Src/stm32f4xx_hal_rcc.o
 .debug_frame   0x00001c38      0x15c ./Drivers/STM32F4xx_HAL_Driver/Src/stm32f4xx_hal_rcc_ex.o
 .debug_frame   0x00001d94     0x10f0 ./Drivers/STM32F4xx_HAL_Driver/Src/stm32f4xx_hal_tim.o
 .debug_frame   0x00002e84      0x600 ./Drivers/STM32F4xx_HAL_Driver/Src/stm32f4xx_hal_tim_ex.o
 .debug_frame   0x00003484       0x20 C:/ST/STM32CubeIDE_2.2.0/STM32CubeIDE/plugins/com.st.stm32cube.ide.mcu.externaltools.gnu-tools-for-stm32.14.3.rel1.win32_1.0.100.202602081740/tools/bin/../lib/gcc/arm-none-eabi/14.3.1/../../../../arm-none-eabi/lib/thumb/v7e-m+fp/hard\libc_nano.a(libc_a-memset.o)
 .debug_frame   0x000034a4       0x2c C:/ST/STM32CubeIDE_2.2.0/STM32CubeIDE/plugins/com.st.stm32cube.ide.mcu.externaltools.gnu-tools-for-stm32.14.3.rel1.win32_1.0.100.202602081740/tools/bin/../lib/gcc/arm-none-eabi/14.3.1/../../../../arm-none-eabi/lib/thumb/v7e-m+fp/hard\libc_nano.a(libc_a-init.o)
 .debug_frame   0x000034d0       0x2c C:/ST/STM32CubeIDE_2.2.0/STM32CubeIDE/plugins/com.st.stm32cube.ide.mcu.externaltools.gnu-tools-for-stm32.14.3.rel1.win32_1.0.100.202602081740/tools/bin/../lib/gcc/arm-none-eabi/14.3.1/thumb/v7e-m+fp/hard\libgcc.a(_aeabi_uldivmod.o)
 .debug_frame   0x000034fc       0x34 C:/ST/STM32CubeIDE_2.2.0/STM32CubeIDE/plugins/com.st.stm32cube.ide.mcu.externaltools.gnu-tools-for-stm32.14.3.rel1.win32_1.0.100.202602081740/tools/bin/../lib/gcc/arm-none-eabi/14.3.1/thumb/v7e-m+fp/hard\libgcc.a(_udivmoddi4.o)

.debug_line_str
                0x00000000       0x61
 .debug_line_str
                0x00000000       0x61 ./Core/Startup/startup_stm32f412retx.o
